<html>
<body>
<pre>
<h1>礦ision3 Build Log</h1>
<h2>Project:</h2>
C:\Users\zjy33\Desktop\智能控制实验\读卡器\CardNoReader.uv2
Project File Date:  05/06/2017

<h2>Output:</h2>
Build target 'Target 1'
assembling STM32F10x.s...
compiling main.c...
MAIN\main.c(20): warning:  #550-D: variable "CardNo" was set but never used
compiling key.c...
HARDWARE\KEY\key.h(3): error:  #5: cannot open source input file "sys.h": No such file or directory
compiling led.c...
HARDWARE\LED\led.h(3): error:  #5: cannot open source input file "sys.h": No such file or directory
compiling usart2.c...
SYSTEM\usart2\usart2.c(1): error:  #5: cannot open source input file "sys.h": No such file or directory
compiling usart.c...
SYSTEM\usart\usart.c(1): error:  #5: cannot open source input file "sys.h": No such file or directory
compiling sys.c...
compiling delay.c...
Target not created
Build target 'Target 1'
assembling STM32F10x.s...
compiling main.c...
MAIN\main.c(20): warning:  #550-D: variable "CardNo" was set but never used
compiling key.c...
compiling led.c...
compiling usart2.c...
compiling usart.c...
compiling sys.c...
compiling delay.c...
linking...
Program Size: Code=5894 RO-data=326 RW-data=16 ZI-data=3000  
FromELF: creating hex file...
"CardNoReader.axf" - 0 Error(s), 1 Warning(s).
Build target 'Target 1'
assembling STM32F10x.s...
compiling main.c...
MAIN\main.c(20): warning:  #550-D: variable "CardNo" was set but never used
compiling key.c...
compiling led.c...
compiling usart2.c...
compiling usart.c...
compiling sys.c...
compiling delay.c...
linking...
Program Size: Code=5882 RO-data=326 RW-data=16 ZI-data=3000  
FromELF: creating hex file...
"CardNoReader.axf" - 0 Error(s), 1 Warning(s).
Build target 'Target 1'
linking...
Program Size: Code=5882 RO-data=326 RW-data=16 ZI-data=3000  
FromELF: creating hex file...
"CardNoReader.axf" - 0 Error(s), 0 Warning(s).
Build target 'Target 1'
assembling STM32F10x.s...
compiling main.c...
MAIN\main.c(20): warning:  #550-D: variable "CardNo" was set but never used
compiling key.c...
compiling led.c...
compiling usart2.c...
compiling usart.c...
compiling sys.c...
compiling delay.c...
linking...
Program Size: Code=5854 RO-data=326 RW-data=16 ZI-data=3000  
FromELF: creating hex file...
"CardNoReader.axf" - 0 Error(s), 1 Warning(s).
Build target 'Target 1'
linking...
Program Size: Code=5854 RO-data=326 RW-data=16 ZI-data=3000  
FromELF: creating hex file...
"CardNoReader.axf" - 0 Error(s), 0 Warning(s).
Build target 'Target 1'
assembling STM32F10x.s...
compiling main.c...
MAIN\main.c(20): warning:  #550-D: variable "CardNo" was set but never used
compiling key.c...
compiling led.c...
compiling usart2.c...
compiling usart.c...
compiling sys.c...
compiling delay.c...
linking...
Program Size: Code=5826 RO-data=326 RW-data=16 ZI-data=3000  
FromELF: creating hex file...
"CardNoReader.axf" - 0 Error(s), 1 Warning(s).
Build target 'Target 1'
assembling STM32F10x.s...
compiling main.c...
MAIN\main.c(20): warning:  #550-D: variable "CardNo" was set but never used
compiling key.c...
compiling led.c...
compiling usart2.c...
compiling usart.c...
compiling sys.c...
compiling delay.c...
linking...
Program Size: Code=5806 RO-data=326 RW-data=16 ZI-data=3000  
FromELF: creating hex file...
"CardNoReader.axf" - 0 Error(s), 1 Warning(s).
Build target 'Target 1'
linking...
Program Size: Code=5806 RO-data=326 RW-data=16 ZI-data=3000  
FromELF: creating hex file...
"CardNoReader.axf" - 0 Error(s), 0 Warning(s).
Build target 'Target 1'
assembling STM32F10x.s...
compiling main.c...
MAIN\main.c(20): warning:  #550-D: variable "CardNo" was set but never used
compiling key.c...
compiling led.c...
compiling usart2.c...
compiling usart.c...
compiling sys.c...
compiling delay.c...
linking...
Program Size: Code=5778 RO-data=326 RW-data=16 ZI-data=3000  
FromELF: creating hex file...
"CardNoReader.axf" - 0 Error(s), 1 Warning(s).
Build target 'Target 1'
linking...
Program Size: Code=5778 RO-data=326 RW-data=16 ZI-data=3000  
FromELF: creating hex file...
"CardNoReader.axf" - 0 Error(s), 0 Warning(s).
Build target 'Target 1'
assembling STM32F10x.s...
compiling main.c...
MAIN\main.c(15): warning:  #177-D: variable "len" was declared but never referenced
MAIN\main.c(20): warning:  #550-D: variable "CardNo" was set but never used
compiling key.c...
compiling led.c...
compiling usart2.c...
compiling usart.c...
compiling sys.c...
compiling delay.c...
linking...
Program Size: Code=5268 RO-data=268 RW-data=16 ZI-data=3000  
FromELF: creating hex file...
"CardNoReader.axf" - 0 Error(s), 2 Warning(s).
Build target 'Target 1'
assembling STM32F10x.s...
compiling main.c...
MAIN\main.c(15): warning:  #177-D: variable "len" was declared but never referenced
MAIN\main.c(20): warning:  #550-D: variable "CardNo" was set but never used
compiling key.c...
compiling led.c...
compiling usart2.c...
compiling usart.c...
compiling sys.c...
compiling delay.c...
linking...
Program Size: Code=5268 RO-data=268 RW-data=16 ZI-data=3000  
FromELF: creating hex file...
"CardNoReader.axf" - 0 Error(s), 2 Warning(s).
Build target 'Target 1'
linking...
Program Size: Code=5268 RO-data=268 RW-data=16 ZI-data=3000  
FromELF: creating hex file...
"CardNoReader.axf" - 0 Error(s), 0 Warning(s).
Build target 'Target 1'
assembling STM32F10x.s...
compiling main.c...
MAIN\main.c(15): warning:  #177-D: variable "len" was declared but never referenced
MAIN\main.c(20): warning:  #550-D: variable "CardNo" was set but never used
compiling key.c...
compiling led.c...
compiling usart2.c...
compiling usart.c...
compiling sys.c...
compiling delay.c...
linking...
Program Size: Code=5268 RO-data=268 RW-data=16 ZI-data=3000  
FromELF: creating hex file...
"CardNoReader.axf" - 0 Error(s), 2 Warning(s).
Build target 'Target 1'
linking...
Program Size: Code=5268 RO-data=268 RW-data=16 ZI-data=3000  
FromELF: creating hex file...
"CardNoReader.axf" - 0 Error(s), 0 Warning(s).
Build target 'Target 1'
assembling STM32F10x.s...
compiling main.c...
MAIN\main.c(15): warning:  #177-D: variable "len" was declared but never referenced
MAIN\main.c(20): warning:  #550-D: variable "CardNo" was set but never used
compiling key.c...
compiling led.c...
compiling usart2.c...
compiling usart.c...
compiling sys.c...
compiling delay.c...
linking...
Program Size: Code=5276 RO-data=268 RW-data=16 ZI-data=3000  
FromELF: creating hex file...
"CardNoReader.axf" - 0 Error(s), 2 Warning(s).
Build target 'Target 1'
linking...
Program Size: Code=5276 RO-data=268 RW-data=16 ZI-data=3000  
FromELF: creating hex file...
"CardNoReader.axf" - 0 Error(s), 0 Warning(s).
Build target 'Target 1'
assembling STM32F10x.s...
compiling main.c...
MAIN\main.c(15): warning:  #177-D: variable "len" was declared but never referenced
MAIN\main.c(20): warning:  #550-D: variable "CardNo" was set but never used
compiling key.c...
compiling led.c...
compiling usart2.c...
compiling usart.c...
compiling sys.c...
compiling delay.c...
linking...
Program Size: Code=5276 RO-data=268 RW-data=16 ZI-data=3000  
FromELF: creating hex file...
"CardNoReader.axf" - 0 Error(s), 2 Warning(s).
Build target 'Target 1'
assembling STM32F10x.s...
compiling main.c...
MAIN\main.c(20): warning:  #550-D: variable "CardNo" was set but never used
compiling key.c...
compiling led.c...
compiling usart2.c...
compiling usart.c...
compiling sys.c...
compiling delay.c...
linking...
Program Size: Code=5276 RO-data=268 RW-data=16 ZI-data=3000  
FromELF: creating hex file...
"CardNoReader.axf" - 0 Error(s), 1 Warning(s).
Build target 'Target 1'
linking...
Program Size: Code=5276 RO-data=268 RW-data=16 ZI-data=3000  
FromELF: creating hex file...
"CardNoReader.axf" - 0 Error(s), 0 Warning(s).
